sin preprocesamiento
1 3330103
2 3356427
3 3514193
4 3584350
5 3699367
6 4136229
7 5785887
8 4716588
9 6985937
10 7290102
11 7819232
12 3023045823
13 3247734355
14 1668857933
15 71570799

con preprocesamiento
1 6665955
2 6338093
3 6487275
4 8990632
5 8815671
6 7246926
7 12345863
8 8510737
9 11087626
10 11105397
11 12773885
12 6197573591
13 6582542704
14 3333743731
15 150379734
