1	11953001
2	9096171
3	16449182
4	42730640
5	76570668
6	259014783
7	133387344
8	93529731
9	1075347117
10	282503841
11	838135203
12	638538299
13	19913730381
14	3562659345
15	2529558211
16	6549679212
17	29125109269
18	6719650257
19	4017637857
20	23844976784
