sin	preprocesamiento
5	7560009
10	9842417
15	9062269
20	17253623
25	8916023
30	28006837
35	29800603
40	111775603
45	64770412

Con	preprocesamiento
5	7054288
10	8748662
15	8499952
20	9739780
25	10601686
30	20454909
35	21094499
40	71877071
45	34525656
