5 1021299290
10 1647092680
15 153916824
20 1017252064
25 108148816
30 815426086
35 768983796
40 1516480963
45 305851316
