1 8299256
2 18198983
3 113924409
4 174288743
5 433542717
6 2682271468
7 86789706567
8 508987637397
9 4985450481150
