1	43562
25	170188
49	443904
73	551465
97	719643
121	1140049
145	1253472
169	1356509
193	1523619
217	1737109
241	1885455
265	2508614
289	2464125
313	3156471
337	2783550
361	2984406
385	3262527
409	3496200
433	3491253
457	3185118
481	3449412
505	3266850
529	3945381
553	3741768
577	4090921
601	4182802
625	4015150
649	4319974
673	4486508
697	4515480
721	4518646
745	4499310
769	4717988
793	4795256
817	4417832
841	4777370
865	4694043
889	5072347
913	4935473
937	4995731
961	5052880
985	5233050
